2026-01-20 11:21:21,802 - pipeline - INFO - Starting analysis pipeline...
2026-01-20 11:21:21,807 - pipeline - INFO - Processing 154 individual CSV files...
2026-01-20 11:21:21,849 - pipeline - INFO - Analyzing MRAB Performance for: D:/ReportGenerator/Raw Data\Data Performance/5G AUTO DP\5G VoNR MRAB Stationary\DUT MRAB.csv
2026-01-20 11:21:21,852 - pipeline - INFO - Analyzing MRAB Performance for: D:/ReportGenerator/Raw Data\Data Performance/5G AUTO DP\5G VoNR MRAB Stationary\REF MRAB.csv
2026-01-20 11:21:33,754 - pipeline - INFO - Processing directory-level analyses...
2026-01-20 11:21:33,755 - pipeline - INFO - Analyzing Call Performance root directory: D:/ReportGenerator/Raw Data\Call Performance
2026-01-20 11:21:33,765 - pipeline - INFO - Analyzing Call performance for scenario: 5G Auto VoNR Disabled CP MO Drive
2026-01-20 11:21:36,773 - pipeline - INFO - Analyzing Call performance for scenario: 5G Auto VoNR Disabled CP MT Drive
2026-01-20 11:21:38,242 - pipeline - INFO - Analyzing Call performance for scenario: 5G Auto VoNR Enabled CP MO Drive
2026-01-20 11:21:40,969 - pipeline - INFO - Analyzing Call performance for scenario: 5G Auto VoNR Enabled CP MT Drive
2026-01-20 11:21:42,449 - pipeline - INFO - Analyzing Voice Quality directory: D:/ReportGenerator/Raw Data\Voice Quality
2026-01-20 11:21:42,450 - pipeline - INFO - Processing Voice Quality subfolder: 5G Auto VoNR Disabled Audio Delay
2026-01-20 11:21:42,466 - pipeline - INFO - Processing Voice Quality subfolder: 5G Auto VoNR Disabled EVS WB VQ
2026-01-20 11:21:42,526 - pipeline - INFO - Processing Voice Quality subfolder: 5G Auto VoNR Enabled AMR NB VQ
2026-01-20 11:21:42,548 - pipeline - INFO - Processing Voice Quality subfolder: 5G Auto VoNR Enabled AMR WB VQ
2026-01-20 11:21:42,592 - pipeline - INFO - Processing Voice Quality subfolder: 5G Auto VoNR Enabled Audio Delay
2026-01-20 11:21:42,609 - pipeline - INFO - Processing Voice Quality subfolder: 5G Auto VoNR Enabled EVS WB VQ
2026-01-20 11:21:42,663 - pipeline - INFO - Analyzing Coverage directory: D:/ReportGenerator/Raw Data\Coverage Performance (Type: coverage_coordinate)
2026-01-20 11:21:42,664 - pipeline - INFO - Analyzing Coverage directory: D:/ReportGenerator/Raw Data\Coverage Performance/5G n41 HPUE Coverage Test (Type: n41_coverage)
2026-01-20 11:21:42,701 - pipeline - INFO - Analyzing Coverage directory: D:/ReportGenerator/Raw Data\Coverage Performance/5G VoNR Coverage Test (Type: vonr_coverage_performance)
2026-01-20 11:21:43,055 - pipeline - INFO - Analyzing Google Throughput directory: D:/ReportGenerator/Raw Data\Data Performance/5G AUTO DP/5G Auto Data Play-store app Download
2026-01-20 11:21:43,141 - pipeline - INFO - Analyzing MHS Drive directory: D:/ReportGenerator/Raw Data\Data Performance/5G AUTO DP/Mobility Test/5G Auto Data Test MHS Drive
2026-01-20 11:21:46,779 - pipeline - INFO - Running post-processing (VqLineChart, Coverage extraction)...
2026-01-20 11:21:47,015 - pipeline - INFO - Data Performance results exported to D:/ReportGenerator/python_scripts/Analyze Summary\data_performance_results.json
2026-01-20 11:21:47,016 - pipeline - INFO - Call Performance results exported to D:/ReportGenerator/python_scripts/Analyze Summary\call_performance_results.json
2026-01-20 11:21:47,017 - pipeline - INFO - Voice Quality results exported to D:/ReportGenerator/python_scripts/Analyze Summary\voice_quality_results.json
2026-01-20 11:21:47,019 - pipeline - INFO - Coverage Performance results exported to D:/ReportGenerator/python_scripts/Analyze Summary\coverage_performance_results.json
2026-01-20 11:21:47,020 - pipeline - INFO - Running final data validation...
2026-01-20 11:21:47,051 - pipeline - INFO - Pipeline execution completed. Results in: D:/ReportGenerator/python_scripts/Analyze Summary
2026-01-20 11:27:40,894 - pipeline - INFO - Starting analysis pipeline...
2026-01-20 11:27:40,899 - pipeline - INFO - Processing 154 individual CSV files...
2026-01-20 11:27:40,938 - pipeline - INFO - Analyzing MRAB Performance for: D:/ReportGenerator/Raw Data\Data Performance/5G AUTO DP\5G VoNR MRAB Stationary\DUT MRAB.csv
2026-01-20 11:27:40,941 - pipeline - INFO - Analyzing MRAB Performance for: D:/ReportGenerator/Raw Data\Data Performance/5G AUTO DP\5G VoNR MRAB Stationary\REF MRAB.csv
2026-01-20 11:27:53,191 - pipeline - INFO - Processing directory-level analyses...
2026-01-20 11:27:53,191 - pipeline - INFO - Analyzing Call Performance root directory: D:/ReportGenerator/Raw Data\Call Performance
2026-01-20 11:27:53,192 - pipeline - INFO - Analyzing Call performance for scenario: 5G Auto VoNR Disabled CP MO Drive
2026-01-20 11:27:56,391 - pipeline - INFO - Analyzing Call performance for scenario: 5G Auto VoNR Disabled CP MT Drive
2026-01-20 11:27:57,896 - pipeline - INFO - Analyzing Call performance for scenario: 5G Auto VoNR Enabled CP MO Drive
2026-01-20 11:28:00,749 - pipeline - INFO - Analyzing Call performance for scenario: 5G Auto VoNR Enabled CP MT Drive
2026-01-20 11:28:02,340 - pipeline - INFO - Analyzing Voice Quality directory: D:/ReportGenerator/Raw Data\Voice Quality
2026-01-20 11:28:02,340 - pipeline - INFO - Processing Voice Quality subfolder: 5G Auto VoNR Disabled Audio Delay
2026-01-20 11:28:02,355 - pipeline - INFO - Processing Voice Quality subfolder: 5G Auto VoNR Disabled EVS WB VQ
2026-01-20 11:28:02,415 - pipeline - INFO - Processing Voice Quality subfolder: 5G Auto VoNR Enabled AMR NB VQ
2026-01-20 11:28:02,437 - pipeline - INFO - Processing Voice Quality subfolder: 5G Auto VoNR Enabled AMR WB VQ
2026-01-20 11:28:02,477 - pipeline - INFO - Processing Voice Quality subfolder: 5G Auto VoNR Enabled Audio Delay
2026-01-20 11:28:02,491 - pipeline - INFO - Processing Voice Quality subfolder: 5G Auto VoNR Enabled EVS WB VQ
2026-01-20 11:28:02,550 - pipeline - INFO - Analyzing Coverage directory: D:/ReportGenerator/Raw Data\Coverage Performance (Type: coverage_coordinate)
2026-01-20 11:28:02,551 - pipeline - INFO - Analyzing Coverage directory: D:/ReportGenerator/Raw Data\Coverage Performance/5G n41 HPUE Coverage Test (Type: n41_coverage)
2026-01-20 11:28:02,587 - pipeline - INFO - Analyzing Coverage directory: D:/ReportGenerator/Raw Data\Coverage Performance/5G VoNR Coverage Test (Type: vonr_coverage_performance)
2026-01-20 11:28:02,970 - pipeline - INFO - Analyzing Google Throughput directory: D:/ReportGenerator/Raw Data\Data Performance/5G AUTO DP/5G Auto Data Play-store app Download
2026-01-20 11:28:03,066 - pipeline - INFO - Analyzing MHS Drive directory: D:/ReportGenerator/Raw Data\Data Performance/5G AUTO DP/Mobility Test/5G Auto Data Test MHS Drive
2026-01-20 11:28:06,792 - pipeline - INFO - Running post-processing (VqLineChart, Coverage extraction)...
2026-01-20 11:28:07,076 - pipeline - INFO - Data Performance results exported to D:/ReportGenerator/python_scripts/Analyze Summary\data_performance_results.json
2026-01-20 11:28:07,077 - pipeline - INFO - Call Performance results exported to D:/ReportGenerator/python_scripts/Analyze Summary\call_performance_results.json
2026-01-20 11:28:07,078 - pipeline - INFO - Voice Quality results exported to D:/ReportGenerator/python_scripts/Analyze Summary\voice_quality_results.json
2026-01-20 11:28:07,080 - pipeline - INFO - Coverage Performance results exported to D:/ReportGenerator/python_scripts/Analyze Summary\coverage_performance_results.json
2026-01-20 11:28:07,081 - pipeline - INFO - Running final data validation...
2026-01-20 11:28:07,113 - pipeline - INFO - No empty collections found in any JSON file.
2026-01-20 11:28:07,113 - pipeline - INFO - Pipeline execution completed. Results in: D:/ReportGenerator/python_scripts/Analyze Summary
