2026-01-20 11:06:37,880 - pipeline - INFO - Starting analysis pipeline...
2026-01-20 11:06:37,885 - pipeline - INFO - Processing 154 individual CSV files...
2026-01-20 11:06:37,886 - pipeline - INFO - Analyzing Google Throughput directory: D:/ReportGenerator/Raw Data\Data Performance/5G AUTO DP\5G Auto Data Play-store app Download\5G Auto Data Play-store app DL Stationary Good\_20251003_153046_CH01_TMO_5GNR_APP-100M_DUT_TC-115.csv
2026-01-20 11:06:37,886 - pipeline - ERROR - Directory not found: D:/ReportGenerator/Raw Data\Data Performance/5G AUTO DP\5G Auto Data Play-store app Download\5G Auto Data Play-store app DL Stationary Good\_20251003_153046_CH01_TMO_5GNR_APP-100M_DUT_TC-115.csv
2026-01-20 11:06:37,886 - pipeline - INFO - Analyzing Google Throughput directory: D:/ReportGenerator/Raw Data\Data Performance/5G AUTO DP\5G Auto Data Play-store app Download\5G Auto Data Play-store app DL Stationary Good\_20251003_153046_CH02_TMO_5GNR_APP-100M_REF_TC-115.csv
2026-01-20 11:06:37,887 - pipeline - ERROR - Directory not found: D:/ReportGenerator/Raw Data\Data Performance/5G AUTO DP\5G Auto Data Play-store app Download\5G Auto Data Play-store app DL Stationary Good\_20251003_153046_CH02_TMO_5GNR_APP-100M_REF_TC-115.csv
2026-01-20 11:06:37,887 - pipeline - INFO - Analyzing Google Throughput directory: D:/ReportGenerator/Raw Data\Data Performance/5G AUTO DP\5G Auto Data Play-store app Download\5G Auto Data Play-store app DL Stationary Good\_20251003_154403_CH01_TMO_5GNR_APP-60M_DUT_TC-115.csv
2026-01-20 11:06:37,887 - pipeline - ERROR - Directory not found: D:/ReportGenerator/Raw Data\Data Performance/5G AUTO DP\5G Auto Data Play-store app Download\5G Auto Data Play-store app DL Stationary Good\_20251003_154403_CH01_TMO_5GNR_APP-60M_DUT_TC-115.csv
2026-01-20 11:06:37,888 - pipeline - INFO - Analyzing Google Throughput directory: D:/ReportGenerator/Raw Data\Data Performance/5G AUTO DP\5G Auto Data Play-store app Download\5G Auto Data Play-store app DL Stationary Good\_20251003_154403_CH02_TMO_5GNR_APP-60M_REF_TC-115.csv
2026-01-20 11:06:37,888 - pipeline - ERROR - Directory not found: D:/ReportGenerator/Raw Data\Data Performance/5G AUTO DP\5G Auto Data Play-store app Download\5G Auto Data Play-store app DL Stationary Good\_20251003_154403_CH02_TMO_5GNR_APP-60M_REF_TC-115.csv
2026-01-20 11:06:37,888 - pipeline - INFO - Analyzing Google Throughput directory: D:/ReportGenerator/Raw Data\Data Performance/5G AUTO DP\5G Auto Data Play-store app Download\5G Auto Data Play-store app DL Stationary Good\_20251003_155451_CH01_TMO_5GNR_APP-30M_DUT_TC-115.csv
2026-01-20 11:06:37,889 - pipeline - ERROR - Directory not found: D:/ReportGenerator/Raw Data\Data Performance/5G AUTO DP\5G Auto Data Play-store app Download\5G Auto Data Play-store app DL Stationary Good\_20251003_155451_CH01_TMO_5GNR_APP-30M_DUT_TC-115.csv
2026-01-20 11:06:37,889 - pipeline - INFO - Analyzing Google Throughput directory: D:/ReportGenerator/Raw Data\Data Performance/5G AUTO DP\5G Auto Data Play-store app Download\5G Auto Data Play-store app DL Stationary Good\_20251003_155451_CH02_TMO_5GNR_APP-30M_REF_TC-115.csv
2026-01-20 11:06:37,889 - pipeline - ERROR - Directory not found: D:/ReportGenerator/Raw Data\Data Performance/5G AUTO DP\5G Auto Data Play-store app Download\5G Auto Data Play-store app DL Stationary Good\_20251003_155451_CH02_TMO_5GNR_APP-30M_REF_TC-115.csv
2026-01-20 11:06:37,890 - pipeline - INFO - Analyzing Google Throughput directory: D:/ReportGenerator/Raw Data\Data Performance/5G AUTO DP\5G Auto Data Play-store app Download\5G Auto Data Play-store app DL Stationary Moderate\_20251003_124744_CH01_TMO_5GNR_APP-30M_DUT_TC-116.csv
2026-01-20 11:06:37,890 - pipeline - ERROR - Directory not found: D:/ReportGenerator/Raw Data\Data Performance/5G AUTO DP\5G Auto Data Play-store app Download\5G Auto Data Play-store app DL Stationary Moderate\_20251003_124744_CH01_TMO_5GNR_APP-30M_DUT_TC-116.csv
2026-01-20 11:06:37,890 - pipeline - INFO - Analyzing Google Throughput directory: D:/ReportGenerator/Raw Data\Data Performance/5G AUTO DP\5G Auto Data Play-store app Download\5G Auto Data Play-store app DL Stationary Moderate\_20251003_124744_CH02_TMO_5GNR_APP-30M_REF_TC-116.csv
2026-01-20 11:06:37,891 - pipeline - ERROR - Directory not found: D:/ReportGenerator/Raw Data\Data Performance/5G AUTO DP\5G Auto Data Play-store app Download\5G Auto Data Play-store app DL Stationary Moderate\_20251003_124744_CH02_TMO_5GNR_APP-30M_REF_TC-116.csv
2026-01-20 11:06:37,891 - pipeline - INFO - Analyzing Google Throughput directory: D:/ReportGenerator/Raw Data\Data Performance/5G AUTO DP\5G Auto Data Play-store app Download\5G Auto Data Play-store app DL Stationary Moderate\_20251003_131621_CH01_TMO_5GNR_APP-60M_DUT_TC-116.csv
2026-01-20 11:06:37,891 - pipeline - ERROR - Directory not found: D:/ReportGenerator/Raw Data\Data Performance/5G AUTO DP\5G Auto Data Play-store app Download\5G Auto Data Play-store app DL Stationary Moderate\_20251003_131621_CH01_TMO_5GNR_APP-60M_DUT_TC-116.csv
2026-01-20 11:06:37,892 - pipeline - INFO - Analyzing Google Throughput directory: D:/ReportGenerator/Raw Data\Data Performance/5G AUTO DP\5G Auto Data Play-store app Download\5G Auto Data Play-store app DL Stationary Moderate\_20251003_131621_CH02_TMO_5GNR_APP-60M_REF_TC-116.csv
2026-01-20 11:06:37,892 - pipeline - ERROR - Directory not found: D:/ReportGenerator/Raw Data\Data Performance/5G AUTO DP\5G Auto Data Play-store app Download\5G Auto Data Play-store app DL Stationary Moderate\_20251003_131621_CH02_TMO_5GNR_APP-60M_REF_TC-116.csv
2026-01-20 11:06:37,892 - pipeline - INFO - Analyzing Google Throughput directory: D:/ReportGenerator/Raw Data\Data Performance/5G AUTO DP\5G Auto Data Play-store app Download\5G Auto Data Play-store app DL Stationary Moderate\_20251003_134032_CH01_TMO_5GNR_APP-100M_DUT_TC-116.csv
2026-01-20 11:06:37,893 - pipeline - ERROR - Directory not found: D:/ReportGenerator/Raw Data\Data Performance/5G AUTO DP\5G Auto Data Play-store app Download\5G Auto Data Play-store app DL Stationary Moderate\_20251003_134032_CH01_TMO_5GNR_APP-100M_DUT_TC-116.csv
2026-01-20 11:06:37,893 - pipeline - INFO - Analyzing Google Throughput directory: D:/ReportGenerator/Raw Data\Data Performance/5G AUTO DP\5G Auto Data Play-store app Download\5G Auto Data Play-store app DL Stationary Moderate\_20251003_134032_CH02_TMO_5GNR_APP-100M_REF_TC-116.csv
2026-01-20 11:06:37,893 - pipeline - ERROR - Directory not found: D:/ReportGenerator/Raw Data\Data Performance/5G AUTO DP\5G Auto Data Play-store app Download\5G Auto Data Play-store app DL Stationary Moderate\_20251003_134032_CH02_TMO_5GNR_APP-100M_REF_TC-116.csv
2026-01-20 11:06:37,894 - pipeline - INFO - Analyzing Google Throughput directory: D:/ReportGenerator/Raw Data\Data Performance/5G AUTO DP\5G Auto Data Play-store app Download\5G Auto Data Play-store app DL Stationary Poor\_20251003_143006_CH01_TMO_5GNR_APP-100M_DUT_TC-117.csv
2026-01-20 11:06:37,894 - pipeline - ERROR - Directory not found: D:/ReportGenerator/Raw Data\Data Performance/5G AUTO DP\5G Auto Data Play-store app Download\5G Auto Data Play-store app DL Stationary Poor\_20251003_143006_CH01_TMO_5GNR_APP-100M_DUT_TC-117.csv
2026-01-20 11:06:37,894 - pipeline - INFO - Analyzing Google Throughput directory: D:/ReportGenerator/Raw Data\Data Performance/5G AUTO DP\5G Auto Data Play-store app Download\5G Auto Data Play-store app DL Stationary Poor\_20251003_143006_CH02_TMO_5GNR_APP-100M_REF_TC-117.csv
2026-01-20 11:06:37,895 - pipeline - ERROR - Directory not found: D:/ReportGenerator/Raw Data\Data Performance/5G AUTO DP\5G Auto Data Play-store app Download\5G Auto Data Play-store app DL Stationary Poor\_20251003_143006_CH02_TMO_5GNR_APP-100M_REF_TC-117.csv
2026-01-20 11:06:37,895 - pipeline - INFO - Analyzing Google Throughput directory: D:/ReportGenerator/Raw Data\Data Performance/5G AUTO DP\5G Auto Data Play-store app Download\5G Auto Data Play-store app DL Stationary Poor\_20251003_144426_CH01_TMO_5GNR_APP-60M_DUT_TC-117.csv
2026-01-20 11:06:37,895 - pipeline - ERROR - Directory not found: D:/ReportGenerator/Raw Data\Data Performance/5G AUTO DP\5G Auto Data Play-store app Download\5G Auto Data Play-store app DL Stationary Poor\_20251003_144426_CH01_TMO_5GNR_APP-60M_DUT_TC-117.csv
2026-01-20 11:06:37,896 - pipeline - INFO - Analyzing Google Throughput directory: D:/ReportGenerator/Raw Data\Data Performance/5G AUTO DP\5G Auto Data Play-store app Download\5G Auto Data Play-store app DL Stationary Poor\_20251003_144426_CH02_TMO_5GNR_APP-60M_REF_TC-117.csv
2026-01-20 11:06:37,896 - pipeline - ERROR - Directory not found: D:/ReportGenerator/Raw Data\Data Performance/5G AUTO DP\5G Auto Data Play-store app Download\5G Auto Data Play-store app DL Stationary Poor\_20251003_144426_CH02_TMO_5GNR_APP-60M_REF_TC-117.csv
2026-01-20 11:06:37,896 - pipeline - INFO - Analyzing Google Throughput directory: D:/ReportGenerator/Raw Data\Data Performance/5G AUTO DP\5G Auto Data Play-store app Download\5G Auto Data Play-store app DL Stationary Poor\_20251003_145510_CH01_TMO_5GNR_APP-30M_DUT_TC-117.csv
2026-01-20 11:06:37,897 - pipeline - ERROR - Directory not found: D:/ReportGenerator/Raw Data\Data Performance/5G AUTO DP\5G Auto Data Play-store app Download\5G Auto Data Play-store app DL Stationary Poor\_20251003_145510_CH01_TMO_5GNR_APP-30M_DUT_TC-117.csv
2026-01-20 11:06:37,897 - pipeline - INFO - Analyzing Google Throughput directory: D:/ReportGenerator/Raw Data\Data Performance/5G AUTO DP\5G Auto Data Play-store app Download\5G Auto Data Play-store app DL Stationary Poor\_20251003_145510_CH02_TMO_5GNR_APP-30M_REF_TC-117.csv
2026-01-20 11:06:37,897 - pipeline - ERROR - Directory not found: D:/ReportGenerator/Raw Data\Data Performance/5G AUTO DP\5G Auto Data Play-store app Download\5G Auto Data Play-store app DL Stationary Poor\_20251003_145510_CH02_TMO_5GNR_APP-30M_REF_TC-117.csv
2026-01-20 11:06:37,934 - pipeline - INFO - Analyzing MRAB Performance for: D:/ReportGenerator/Raw Data\Data Performance/5G AUTO DP\5G VoNR MRAB Stationary\DUT MRAB.csv
2026-01-20 11:06:37,937 - pipeline - INFO - Analyzing MRAB Performance for: D:/ReportGenerator/Raw Data\Data Performance/5G AUTO DP\5G VoNR MRAB Stationary\REF MRAB.csv
2026-01-20 11:06:44,164 - pipeline - INFO - Analyzing MHS Drive directory: D:/ReportGenerator/Raw Data\Data Performance/5G AUTO DP\Mobility Test\5G Auto Data Test MHS Drive\DUT MHS UDP Drive.csv
2026-01-20 11:06:44,164 - pipeline - ERROR - Directory not found: D:/ReportGenerator/Raw Data\Data Performance/5G AUTO DP\Mobility Test\5G Auto Data Test MHS Drive\DUT MHS UDP Drive.csv
2026-01-20 11:06:44,164 - pipeline - INFO - Analyzing MHS Drive directory: D:/ReportGenerator/Raw Data\Data Performance/5G AUTO DP\Mobility Test\5G Auto Data Test MHS Drive\REF MHS UDP Drive.csv
2026-01-20 11:06:44,165 - pipeline - ERROR - Directory not found: D:/ReportGenerator/Raw Data\Data Performance/5G AUTO DP\Mobility Test\5G Auto Data Test MHS Drive\REF MHS UDP Drive.csv
2026-01-20 11:06:49,199 - pipeline - INFO - Processing directory-level analyses...
2026-01-20 11:06:49,199 - pipeline - INFO - Analyzing Call Performance directory: D:/ReportGenerator/Raw Data\Call Performance
2026-01-20 11:06:49,199 - pipeline - INFO - Analyzing Voice Quality directory: D:/ReportGenerator/Raw Data\Voice Quality
2026-01-20 11:06:49,200 - pipeline - INFO - Processing Voice Quality subfolder: 5G Auto VoNR Disabled Audio Delay
2026-01-20 11:06:49,215 - pipeline - INFO - Processing Voice Quality subfolder: 5G Auto VoNR Disabled EVS WB VQ
2026-01-20 11:06:49,269 - pipeline - INFO - Processing Voice Quality subfolder: 5G Auto VoNR Enabled AMR NB VQ
2026-01-20 11:06:49,288 - pipeline - INFO - Processing Voice Quality subfolder: 5G Auto VoNR Enabled AMR WB VQ
2026-01-20 11:06:49,323 - pipeline - INFO - Processing Voice Quality subfolder: 5G Auto VoNR Enabled Audio Delay
2026-01-20 11:06:49,336 - pipeline - INFO - Processing Voice Quality subfolder: 5G Auto VoNR Enabled EVS WB VQ
2026-01-20 11:06:49,384 - pipeline - INFO - Analyzing Coverage directory: D:/ReportGenerator/Raw Data\Coverage Performance (Type: coverage_coordinate)
2026-01-20 11:06:49,385 - pipeline - INFO - Analyzing Coverage directory: D:/ReportGenerator/Raw Data\Coverage Performance/5G n41 HPUE Coverage Test (Type: n41_coverage)
2026-01-20 11:06:49,419 - pipeline - INFO - Analyzing Coverage directory: D:/ReportGenerator/Raw Data\Coverage Performance/5G VoNR Coverage Test (Type: vonr_coverage_performance)
2026-01-20 11:06:49,713 - pipeline - INFO - Analyzing Google Throughput directory: D:/ReportGenerator/Raw Data\Data Performance/5G AUTO DP/5G Auto Data Play-store app Download
2026-01-20 11:06:49,788 - pipeline - INFO - Analyzing MHS Drive directory: D:/ReportGenerator/Raw Data\Data Performance/5G AUTO DP/Mobility Test/5G Auto Data Test MHS Drive
2026-01-20 11:06:53,114 - pipeline - INFO - Running post-processing (VqLineChart, Coverage extraction)...
2026-01-20 11:06:53,342 - pipeline - INFO - Data Performance results exported to D:/ReportGenerator/python_scripts/Analyze Summary\data_performance_results.json
2026-01-20 11:06:53,344 - pipeline - INFO - Voice Quality results exported to D:/ReportGenerator/python_scripts/Analyze Summary\voice_quality_results.json
2026-01-20 11:06:53,347 - pipeline - INFO - Coverage results exported to D:/ReportGenerator/python_scripts/Analyze Summary\coverage_performance_results.json
2026-01-20 11:06:53,348 - pipeline - INFO - Running final data validation...
2026-01-20 11:06:53,378 - pipeline - INFO - Pipeline execution completed. Results in: D:/ReportGenerator/python_scripts/Analyze Summary
2026-01-20 11:07:44,354 - pipeline - INFO - Starting analysis pipeline...
2026-01-20 11:07:44,360 - pipeline - INFO - Processing 154 individual CSV files...
2026-01-20 11:07:44,360 - pipeline - INFO - Analyzing Google Throughput directory: D:/ReportGenerator/Raw Data\Data Performance/5G AUTO DP\5G Auto Data Play-store app Download\5G Auto Data Play-store app DL Stationary Good\_20251003_153046_CH01_TMO_5GNR_APP-100M_DUT_TC-115.csv
2026-01-20 11:07:44,360 - pipeline - ERROR - Directory not found: D:/ReportGenerator/Raw Data\Data Performance/5G AUTO DP\5G Auto Data Play-store app Download\5G Auto Data Play-store app DL Stationary Good\_20251003_153046_CH01_TMO_5GNR_APP-100M_DUT_TC-115.csv
2026-01-20 11:07:44,361 - pipeline - INFO - Analyzing Google Throughput directory: D:/ReportGenerator/Raw Data\Data Performance/5G AUTO DP\5G Auto Data Play-store app Download\5G Auto Data Play-store app DL Stationary Good\_20251003_153046_CH02_TMO_5GNR_APP-100M_REF_TC-115.csv
2026-01-20 11:07:44,361 - pipeline - ERROR - Directory not found: D:/ReportGenerator/Raw Data\Data Performance/5G AUTO DP\5G Auto Data Play-store app Download\5G Auto Data Play-store app DL Stationary Good\_20251003_153046_CH02_TMO_5GNR_APP-100M_REF_TC-115.csv
2026-01-20 11:07:44,362 - pipeline - INFO - Analyzing Google Throughput directory: D:/ReportGenerator/Raw Data\Data Performance/5G AUTO DP\5G Auto Data Play-store app Download\5G Auto Data Play-store app DL Stationary Good\_20251003_154403_CH01_TMO_5GNR_APP-60M_DUT_TC-115.csv
2026-01-20 11:07:44,362 - pipeline - ERROR - Directory not found: D:/ReportGenerator/Raw Data\Data Performance/5G AUTO DP\5G Auto Data Play-store app Download\5G Auto Data Play-store app DL Stationary Good\_20251003_154403_CH01_TMO_5GNR_APP-60M_DUT_TC-115.csv
2026-01-20 11:07:44,362 - pipeline - INFO - Analyzing Google Throughput directory: D:/ReportGenerator/Raw Data\Data Performance/5G AUTO DP\5G Auto Data Play-store app Download\5G Auto Data Play-store app DL Stationary Good\_20251003_154403_CH02_TMO_5GNR_APP-60M_REF_TC-115.csv
2026-01-20 11:07:44,363 - pipeline - ERROR - Directory not found: D:/ReportGenerator/Raw Data\Data Performance/5G AUTO DP\5G Auto Data Play-store app Download\5G Auto Data Play-store app DL Stationary Good\_20251003_154403_CH02_TMO_5GNR_APP-60M_REF_TC-115.csv
2026-01-20 11:07:44,363 - pipeline - INFO - Analyzing Google Throughput directory: D:/ReportGenerator/Raw Data\Data Performance/5G AUTO DP\5G Auto Data Play-store app Download\5G Auto Data Play-store app DL Stationary Good\_20251003_155451_CH01_TMO_5GNR_APP-30M_DUT_TC-115.csv
2026-01-20 11:07:44,363 - pipeline - ERROR - Directory not found: D:/ReportGenerator/Raw Data\Data Performance/5G AUTO DP\5G Auto Data Play-store app Download\5G Auto Data Play-store app DL Stationary Good\_20251003_155451_CH01_TMO_5GNR_APP-30M_DUT_TC-115.csv
2026-01-20 11:07:44,364 - pipeline - INFO - Analyzing Google Throughput directory: D:/ReportGenerator/Raw Data\Data Performance/5G AUTO DP\5G Auto Data Play-store app Download\5G Auto Data Play-store app DL Stationary Good\_20251003_155451_CH02_TMO_5GNR_APP-30M_REF_TC-115.csv
2026-01-20 11:07:44,364 - pipeline - ERROR - Directory not found: D:/ReportGenerator/Raw Data\Data Performance/5G AUTO DP\5G Auto Data Play-store app Download\5G Auto Data Play-store app DL Stationary Good\_20251003_155451_CH02_TMO_5GNR_APP-30M_REF_TC-115.csv
2026-01-20 11:07:44,364 - pipeline - INFO - Analyzing Google Throughput directory: D:/ReportGenerator/Raw Data\Data Performance/5G AUTO DP\5G Auto Data Play-store app Download\5G Auto Data Play-store app DL Stationary Moderate\_20251003_124744_CH01_TMO_5GNR_APP-30M_DUT_TC-116.csv
2026-01-20 11:07:44,365 - pipeline - ERROR - Directory not found: D:/ReportGenerator/Raw Data\Data Performance/5G AUTO DP\5G Auto Data Play-store app Download\5G Auto Data Play-store app DL Stationary Moderate\_20251003_124744_CH01_TMO_5GNR_APP-30M_DUT_TC-116.csv
2026-01-20 11:07:44,365 - pipeline - INFO - Analyzing Google Throughput directory: D:/ReportGenerator/Raw Data\Data Performance/5G AUTO DP\5G Auto Data Play-store app Download\5G Auto Data Play-store app DL Stationary Moderate\_20251003_124744_CH02_TMO_5GNR_APP-30M_REF_TC-116.csv
2026-01-20 11:07:44,365 - pipeline - ERROR - Directory not found: D:/ReportGenerator/Raw Data\Data Performance/5G AUTO DP\5G Auto Data Play-store app Download\5G Auto Data Play-store app DL Stationary Moderate\_20251003_124744_CH02_TMO_5GNR_APP-30M_REF_TC-116.csv
2026-01-20 11:07:44,366 - pipeline - INFO - Analyzing Google Throughput directory: D:/ReportGenerator/Raw Data\Data Performance/5G AUTO DP\5G Auto Data Play-store app Download\5G Auto Data Play-store app DL Stationary Moderate\_20251003_131621_CH01_TMO_5GNR_APP-60M_DUT_TC-116.csv
2026-01-20 11:07:44,366 - pipeline - ERROR - Directory not found: D:/ReportGenerator/Raw Data\Data Performance/5G AUTO DP\5G Auto Data Play-store app Download\5G Auto Data Play-store app DL Stationary Moderate\_20251003_131621_CH01_TMO_5GNR_APP-60M_DUT_TC-116.csv
2026-01-20 11:07:44,366 - pipeline - INFO - Analyzing Google Throughput directory: D:/ReportGenerator/Raw Data\Data Performance/5G AUTO DP\5G Auto Data Play-store app Download\5G Auto Data Play-store app DL Stationary Moderate\_20251003_131621_CH02_TMO_5GNR_APP-60M_REF_TC-116.csv
2026-01-20 11:07:44,366 - pipeline - ERROR - Directory not found: D:/ReportGenerator/Raw Data\Data Performance/5G AUTO DP\5G Auto Data Play-store app Download\5G Auto Data Play-store app DL Stationary Moderate\_20251003_131621_CH02_TMO_5GNR_APP-60M_REF_TC-116.csv
2026-01-20 11:07:44,367 - pipeline - INFO - Analyzing Google Throughput directory: D:/ReportGenerator/Raw Data\Data Performance/5G AUTO DP\5G Auto Data Play-store app Download\5G Auto Data Play-store app DL Stationary Moderate\_20251003_134032_CH01_TMO_5GNR_APP-100M_DUT_TC-116.csv
2026-01-20 11:07:44,367 - pipeline - ERROR - Directory not found: D:/ReportGenerator/Raw Data\Data Performance/5G AUTO DP\5G Auto Data Play-store app Download\5G Auto Data Play-store app DL Stationary Moderate\_20251003_134032_CH01_TMO_5GNR_APP-100M_DUT_TC-116.csv
2026-01-20 11:07:44,367 - pipeline - INFO - Analyzing Google Throughput directory: D:/ReportGenerator/Raw Data\Data Performance/5G AUTO DP\5G Auto Data Play-store app Download\5G Auto Data Play-store app DL Stationary Moderate\_20251003_134032_CH02_TMO_5GNR_APP-100M_REF_TC-116.csv
2026-01-20 11:07:44,368 - pipeline - ERROR - Directory not found: D:/ReportGenerator/Raw Data\Data Performance/5G AUTO DP\5G Auto Data Play-store app Download\5G Auto Data Play-store app DL Stationary Moderate\_20251003_134032_CH02_TMO_5GNR_APP-100M_REF_TC-116.csv
2026-01-20 11:07:44,368 - pipeline - INFO - Analyzing Google Throughput directory: D:/ReportGenerator/Raw Data\Data Performance/5G AUTO DP\5G Auto Data Play-store app Download\5G Auto Data Play-store app DL Stationary Poor\_20251003_143006_CH01_TMO_5GNR_APP-100M_DUT_TC-117.csv
2026-01-20 11:07:44,369 - pipeline - ERROR - Directory not found: D:/ReportGenerator/Raw Data\Data Performance/5G AUTO DP\5G Auto Data Play-store app Download\5G Auto Data Play-store app DL Stationary Poor\_20251003_143006_CH01_TMO_5GNR_APP-100M_DUT_TC-117.csv
2026-01-20 11:07:44,369 - pipeline - INFO - Analyzing Google Throughput directory: D:/ReportGenerator/Raw Data\Data Performance/5G AUTO DP\5G Auto Data Play-store app Download\5G Auto Data Play-store app DL Stationary Poor\_20251003_143006_CH02_TMO_5GNR_APP-100M_REF_TC-117.csv
2026-01-20 11:07:44,369 - pipeline - ERROR - Directory not found: D:/ReportGenerator/Raw Data\Data Performance/5G AUTO DP\5G Auto Data Play-store app Download\5G Auto Data Play-store app DL Stationary Poor\_20251003_143006_CH02_TMO_5GNR_APP-100M_REF_TC-117.csv
2026-01-20 11:07:44,370 - pipeline - INFO - Analyzing Google Throughput directory: D:/ReportGenerator/Raw Data\Data Performance/5G AUTO DP\5G Auto Data Play-store app Download\5G Auto Data Play-store app DL Stationary Poor\_20251003_144426_CH01_TMO_5GNR_APP-60M_DUT_TC-117.csv
2026-01-20 11:07:44,370 - pipeline - ERROR - Directory not found: D:/ReportGenerator/Raw Data\Data Performance/5G AUTO DP\5G Auto Data Play-store app Download\5G Auto Data Play-store app DL Stationary Poor\_20251003_144426_CH01_TMO_5GNR_APP-60M_DUT_TC-117.csv
2026-01-20 11:07:44,370 - pipeline - INFO - Analyzing Google Throughput directory: D:/ReportGenerator/Raw Data\Data Performance/5G AUTO DP\5G Auto Data Play-store app Download\5G Auto Data Play-store app DL Stationary Poor\_20251003_144426_CH02_TMO_5GNR_APP-60M_REF_TC-117.csv
2026-01-20 11:07:44,371 - pipeline - ERROR - Directory not found: D:/ReportGenerator/Raw Data\Data Performance/5G AUTO DP\5G Auto Data Play-store app Download\5G Auto Data Play-store app DL Stationary Poor\_20251003_144426_CH02_TMO_5GNR_APP-60M_REF_TC-117.csv
2026-01-20 11:07:44,371 - pipeline - INFO - Analyzing Google Throughput directory: D:/ReportGenerator/Raw Data\Data Performance/5G AUTO DP\5G Auto Data Play-store app Download\5G Auto Data Play-store app DL Stationary Poor\_20251003_145510_CH01_TMO_5GNR_APP-30M_DUT_TC-117.csv
2026-01-20 11:07:44,371 - pipeline - ERROR - Directory not found: D:/ReportGenerator/Raw Data\Data Performance/5G AUTO DP\5G Auto Data Play-store app Download\5G Auto Data Play-store app DL Stationary Poor\_20251003_145510_CH01_TMO_5GNR_APP-30M_DUT_TC-117.csv
2026-01-20 11:07:44,372 - pipeline - INFO - Analyzing Google Throughput directory: D:/ReportGenerator/Raw Data\Data Performance/5G AUTO DP\5G Auto Data Play-store app Download\5G Auto Data Play-store app DL Stationary Poor\_20251003_145510_CH02_TMO_5GNR_APP-30M_REF_TC-117.csv
2026-01-20 11:07:44,372 - pipeline - ERROR - Directory not found: D:/ReportGenerator/Raw Data\Data Performance/5G AUTO DP\5G Auto Data Play-store app Download\5G Auto Data Play-store app DL Stationary Poor\_20251003_145510_CH02_TMO_5GNR_APP-30M_REF_TC-117.csv
2026-01-20 11:07:44,411 - pipeline - INFO - Analyzing MRAB Performance for: D:/ReportGenerator/Raw Data\Data Performance/5G AUTO DP\5G VoNR MRAB Stationary\DUT MRAB.csv
2026-01-20 11:07:44,414 - pipeline - INFO - Analyzing MRAB Performance for: D:/ReportGenerator/Raw Data\Data Performance/5G AUTO DP\5G VoNR MRAB Stationary\REF MRAB.csv
2026-01-20 11:07:51,897 - pipeline - INFO - Analyzing MHS Drive directory: D:/ReportGenerator/Raw Data\Data Performance/5G AUTO DP\Mobility Test\5G Auto Data Test MHS Drive\DUT MHS UDP Drive.csv
2026-01-20 11:07:51,897 - pipeline - ERROR - Directory not found: D:/ReportGenerator/Raw Data\Data Performance/5G AUTO DP\Mobility Test\5G Auto Data Test MHS Drive\DUT MHS UDP Drive.csv
2026-01-20 11:07:51,898 - pipeline - INFO - Analyzing MHS Drive directory: D:/ReportGenerator/Raw Data\Data Performance/5G AUTO DP\Mobility Test\5G Auto Data Test MHS Drive\REF MHS UDP Drive.csv
2026-01-20 11:07:51,898 - pipeline - ERROR - Directory not found: D:/ReportGenerator/Raw Data\Data Performance/5G AUTO DP\Mobility Test\5G Auto Data Test MHS Drive\REF MHS UDP Drive.csv
2026-01-20 11:07:58,430 - pipeline - INFO - Processing directory-level analyses...
2026-01-20 11:07:58,430 - pipeline - INFO - Analyzing Call Performance root directory: D:/ReportGenerator/Raw Data\Call Performance
2026-01-20 11:07:58,431 - pipeline - INFO - Analyzing Call performance for scenario: 5G Auto VoNR Disabled CP MO Drive
2026-01-20 11:08:02,094 - pipeline - INFO - Analyzing Call performance for scenario: 5G Auto VoNR Disabled CP MT Drive
2026-01-20 11:08:03,858 - pipeline - INFO - Analyzing Call performance for scenario: 5G Auto VoNR Enabled CP MO Drive
2026-01-20 11:08:07,016 - pipeline - INFO - Analyzing Call performance for scenario: 5G Auto VoNR Enabled CP MT Drive
2026-01-20 11:08:08,683 - pipeline - INFO - Analyzing Voice Quality directory: D:/ReportGenerator/Raw Data\Voice Quality
2026-01-20 11:08:08,683 - pipeline - INFO - Processing Voice Quality subfolder: 5G Auto VoNR Disabled Audio Delay
2026-01-20 11:08:08,701 - pipeline - INFO - Processing Voice Quality subfolder: 5G Auto VoNR Disabled EVS WB VQ
2026-01-20 11:08:08,759 - pipeline - INFO - Processing Voice Quality subfolder: 5G Auto VoNR Enabled AMR NB VQ
2026-01-20 11:08:08,782 - pipeline - INFO - Processing Voice Quality subfolder: 5G Auto VoNR Enabled AMR WB VQ
2026-01-20 11:08:08,825 - pipeline - INFO - Processing Voice Quality subfolder: 5G Auto VoNR Enabled Audio Delay
2026-01-20 11:08:08,841 - pipeline - INFO - Processing Voice Quality subfolder: 5G Auto VoNR Enabled EVS WB VQ
2026-01-20 11:08:08,899 - pipeline - INFO - Analyzing Coverage directory: D:/ReportGenerator/Raw Data\Coverage Performance (Type: coverage_coordinate)
2026-01-20 11:08:08,900 - pipeline - INFO - Analyzing Coverage directory: D:/ReportGenerator/Raw Data\Coverage Performance/5G n41 HPUE Coverage Test (Type: n41_coverage)
2026-01-20 11:08:08,933 - pipeline - INFO - Analyzing Coverage directory: D:/ReportGenerator/Raw Data\Coverage Performance/5G VoNR Coverage Test (Type: vonr_coverage_performance)
2026-01-20 11:08:09,279 - pipeline - INFO - Analyzing Google Throughput directory: D:/ReportGenerator/Raw Data\Data Performance/5G AUTO DP/5G Auto Data Play-store app Download
2026-01-20 11:08:09,376 - pipeline - INFO - Analyzing MHS Drive directory: D:/ReportGenerator/Raw Data\Data Performance/5G AUTO DP/Mobility Test/5G Auto Data Test MHS Drive
2026-01-20 11:08:13,754 - pipeline - INFO - Running post-processing (VqLineChart, Coverage extraction)...
2026-01-20 11:08:13,995 - pipeline - INFO - Data Performance results exported to D:/ReportGenerator/python_scripts/Analyze Summary\data_performance_results.json
2026-01-20 11:08:13,996 - pipeline - INFO - Call Performance results exported to D:/ReportGenerator/python_scripts/Analyze Summary\call_performance_results.json
2026-01-20 11:08:13,997 - pipeline - INFO - Voice Quality results exported to D:/ReportGenerator/python_scripts/Analyze Summary\voice_quality_results.json
2026-01-20 11:08:14,001 - pipeline - INFO - Coverage results exported to D:/ReportGenerator/python_scripts/Analyze Summary\coverage_performance_results.json
2026-01-20 11:08:14,001 - pipeline - INFO - Running final data validation...
2026-01-20 11:08:14,043 - pipeline - INFO - Pipeline execution completed. Results in: D:/ReportGenerator/python_scripts/Analyze Summary
2026-01-20 11:09:16,578 - pipeline - INFO - Starting analysis pipeline...
2026-01-20 11:09:16,584 - pipeline - INFO - Processing 154 individual CSV files...
2026-01-20 11:09:16,623 - pipeline - INFO - Analyzing MRAB Performance for: D:/ReportGenerator/Raw Data\Data Performance/5G AUTO DP\5G VoNR MRAB Stationary\DUT MRAB.csv
2026-01-20 11:09:16,626 - pipeline - INFO - Analyzing MRAB Performance for: D:/ReportGenerator/Raw Data\Data Performance/5G AUTO DP\5G VoNR MRAB Stationary\REF MRAB.csv
2026-01-20 11:09:28,327 - pipeline - INFO - Processing directory-level analyses...
2026-01-20 11:09:28,327 - pipeline - INFO - Analyzing Call Performance root directory: D:/ReportGenerator/Raw Data\Call Performance
2026-01-20 11:09:28,327 - pipeline - INFO - Analyzing Call performance for scenario: 5G Auto VoNR Disabled CP MO Drive
2026-01-20 11:09:31,325 - pipeline - INFO - Analyzing Call performance for scenario: 5G Auto VoNR Disabled CP MT Drive
2026-01-20 11:09:32,701 - pipeline - INFO - Analyzing Call performance for scenario: 5G Auto VoNR Enabled CP MO Drive
2026-01-20 11:09:35,505 - pipeline - INFO - Analyzing Call performance for scenario: 5G Auto VoNR Enabled CP MT Drive
2026-01-20 11:09:36,878 - pipeline - INFO - Analyzing Voice Quality directory: D:/ReportGenerator/Raw Data\Voice Quality
2026-01-20 11:09:36,878 - pipeline - INFO - Processing Voice Quality subfolder: 5G Auto VoNR Disabled Audio Delay
2026-01-20 11:09:36,893 - pipeline - INFO - Processing Voice Quality subfolder: 5G Auto VoNR Disabled EVS WB VQ
2026-01-20 11:09:36,950 - pipeline - INFO - Processing Voice Quality subfolder: 5G Auto VoNR Enabled AMR NB VQ
2026-01-20 11:09:36,971 - pipeline - INFO - Processing Voice Quality subfolder: 5G Auto VoNR Enabled AMR WB VQ
2026-01-20 11:09:37,006 - pipeline - INFO - Processing Voice Quality subfolder: 5G Auto VoNR Enabled Audio Delay
2026-01-20 11:09:37,018 - pipeline - INFO - Processing Voice Quality subfolder: 5G Auto VoNR Enabled EVS WB VQ
2026-01-20 11:09:37,069 - pipeline - INFO - Analyzing Coverage directory: D:/ReportGenerator/Raw Data\Coverage Performance (Type: coverage_coordinate)
2026-01-20 11:09:37,070 - pipeline - INFO - Analyzing Coverage directory: D:/ReportGenerator/Raw Data\Coverage Performance/5G n41 HPUE Coverage Test (Type: n41_coverage)
2026-01-20 11:09:37,105 - pipeline - INFO - Analyzing Coverage directory: D:/ReportGenerator/Raw Data\Coverage Performance/5G VoNR Coverage Test (Type: vonr_coverage_performance)
2026-01-20 11:09:37,419 - pipeline - INFO - Analyzing Google Throughput directory: D:/ReportGenerator/Raw Data\Data Performance/5G AUTO DP/5G Auto Data Play-store app Download
2026-01-20 11:09:37,497 - pipeline - INFO - Analyzing MHS Drive directory: D:/ReportGenerator/Raw Data\Data Performance/5G AUTO DP/Mobility Test/5G Auto Data Test MHS Drive
2026-01-20 11:09:41,079 - pipeline - INFO - Running post-processing (VqLineChart, Coverage extraction)...
2026-01-20 11:09:41,300 - pipeline - INFO - Data Performance results exported to D:/ReportGenerator/python_scripts/Analyze Summary\data_performance_results.json
2026-01-20 11:09:41,300 - pipeline - INFO - Call Performance results exported to D:/ReportGenerator/python_scripts/Analyze Summary\call_performance_results.json
2026-01-20 11:09:41,302 - pipeline - INFO - Voice Quality results exported to D:/ReportGenerator/python_scripts/Analyze Summary\voice_quality_results.json
2026-01-20 11:09:41,305 - pipeline - INFO - Coverage results exported to D:/ReportGenerator/python_scripts/Analyze Summary\coverage_performance_results.json
2026-01-20 11:09:41,305 - pipeline - INFO - Running final data validation...
2026-01-20 11:09:41,336 - pipeline - INFO - Pipeline execution completed. Results in: D:/ReportGenerator/python_scripts/Analyze Summary
2026-01-20 11:13:02,329 - pipeline - INFO - Starting analysis pipeline...
2026-01-20 11:13:02,335 - pipeline - INFO - Processing 154 individual CSV files...
2026-01-20 11:13:02,374 - pipeline - INFO - Analyzing MRAB Performance for: D:/ReportGenerator/Raw Data\Data Performance/5G AUTO DP\5G VoNR MRAB Stationary\DUT MRAB.csv
2026-01-20 11:13:02,377 - pipeline - INFO - Analyzing MRAB Performance for: D:/ReportGenerator/Raw Data\Data Performance/5G AUTO DP\5G VoNR MRAB Stationary\REF MRAB.csv
2026-01-20 11:13:13,918 - pipeline - INFO - Processing directory-level analyses...
2026-01-20 11:13:13,919 - pipeline - INFO - Analyzing Call Performance root directory: D:/ReportGenerator/Raw Data\Call Performance
2026-01-20 11:13:13,919 - pipeline - INFO - Analyzing Call performance for scenario: 5G Auto VoNR Disabled CP MO Drive
2026-01-20 11:13:16,848 - pipeline - INFO - Analyzing Call performance for scenario: 5G Auto VoNR Disabled CP MT Drive
2026-01-20 11:13:18,189 - pipeline - INFO - Analyzing Call performance for scenario: 5G Auto VoNR Enabled CP MO Drive
2026-01-20 11:13:20,769 - pipeline - INFO - Analyzing Call performance for scenario: 5G Auto VoNR Enabled CP MT Drive
2026-01-20 11:13:22,123 - pipeline - INFO - Analyzing Voice Quality directory: D:/ReportGenerator/Raw Data\Voice Quality
2026-01-20 11:13:22,124 - pipeline - INFO - Processing Voice Quality subfolder: 5G Auto VoNR Disabled Audio Delay
2026-01-20 11:13:22,139 - pipeline - INFO - Processing Voice Quality subfolder: 5G Auto VoNR Disabled EVS WB VQ
2026-01-20 11:13:22,196 - pipeline - INFO - Processing Voice Quality subfolder: 5G Auto VoNR Enabled AMR NB VQ
2026-01-20 11:13:22,217 - pipeline - INFO - Processing Voice Quality subfolder: 5G Auto VoNR Enabled AMR WB VQ
2026-01-20 11:13:22,252 - pipeline - INFO - Processing Voice Quality subfolder: 5G Auto VoNR Enabled Audio Delay
2026-01-20 11:13:22,265 - pipeline - INFO - Processing Voice Quality subfolder: 5G Auto VoNR Enabled EVS WB VQ
2026-01-20 11:13:22,315 - pipeline - INFO - Analyzing Coverage directory: D:/ReportGenerator/Raw Data\Coverage Performance (Type: coverage_coordinate)
2026-01-20 11:13:22,316 - pipeline - INFO - Analyzing Coverage directory: D:/ReportGenerator/Raw Data\Coverage Performance/5G n41 HPUE Coverage Test (Type: n41_coverage)
2026-01-20 11:13:22,349 - pipeline - INFO - Analyzing Coverage directory: D:/ReportGenerator/Raw Data\Coverage Performance/5G VoNR Coverage Test (Type: vonr_coverage_performance)
2026-01-20 11:13:22,651 - pipeline - INFO - Analyzing Google Throughput directory: D:/ReportGenerator/Raw Data\Data Performance/5G AUTO DP/5G Auto Data Play-store app Download
2026-01-20 11:13:22,725 - pipeline - INFO - Analyzing MHS Drive directory: D:/ReportGenerator/Raw Data\Data Performance/5G AUTO DP/Mobility Test/5G Auto Data Test MHS Drive
2026-01-20 11:13:26,346 - pipeline - INFO - Running post-processing (VqLineChart, Coverage extraction)...
2026-01-20 11:13:26,618 - pipeline - INFO - Data Performance results exported to D:/ReportGenerator/python_scripts/Analyze Summary\data_performance_results.json
2026-01-20 11:13:26,619 - pipeline - INFO - Call Performance results exported to D:/ReportGenerator/python_scripts/Analyze Summary\call_performance_results.json
2026-01-20 11:13:26,620 - pipeline - INFO - Voice Quality results exported to D:/ReportGenerator/python_scripts/Analyze Summary\voice_quality_results.json
2026-01-20 11:13:26,624 - pipeline - INFO - Coverage results exported to D:/ReportGenerator/python_scripts/Analyze Summary\coverage_performance_results.json
2026-01-20 11:13:26,624 - pipeline - INFO - Running final data validation...
2026-01-20 11:13:26,658 - pipeline - INFO - Pipeline execution completed. Results in: D:/ReportGenerator/python_scripts/Analyze Summary
